sistema\tercerapp\model\Formulariogeneral.class
sistema\tercerapp\service\UsuariosServiceImpl.class
sistema\tercerapp\service\FormularionutricionService.class
sistema\tercerapp\configuration\AppInitializer.class
sistema\tercerapp\dao\FormulariossDao.class
sistema\tercerapp\service\FormularionutricionServiceImpl.class
sistema\tercerapp\service\FormulariomovilidadService.class
sistema\tercerapp\service\GraficasService.class
sistema\tercerapp\dao\FormularionutricionDaoImpl.class
sistema\tercerapp\dao\FormularionutricionDao.class
sistema\tercerapp\service\FormulariogeneralService.class
sistema\tercerapp\dao\FormulariomovilidadDao.class
sistema\tercerapp\model\Formularionutricion.class
sistema\tercerapp\dao\UsuariosDaoImpl.class
sistema\tercerapp\dao\FormulariossDaoImpl.class
sistema\tercerapp\dao\FormulariogeneralDao.class
sistema\tercerapp\service\FormulariomovilidadServiceImpl.class
sistema\tercerapp\model\Pacientes.class
sistema\tercerapp\service\FormulariogeneralServiceImpl.class
sistema\tercerapp\service\UsuariosService.class
sistema\tercerapp\dao\FormulariogeneralDaoImpl.class
sistema\tercerapp\dao\GraficasDaoImpl.class
sistema\tercerapp\dao\GraficasDao.class
sistema\tercerapp\service\FormulariossService.class
sistema\tercerapp\configuration\WebAppConfig.class
sistema\tercerapp\model\Formularioss.class
sistema\tercerapp\model\Usuarios.class
sistema\tercerapp\dao\AbstractDao.class
sistema\tercerapp\service\PacientesServiceImpl.class
sistema\tercerapp\service\PacientesService.class
sistema\tercerapp\dao\PacienteDaoImpl.class
sistema\tercerapp\model\Graficas.class
sistema\tercerapp\configuration\HibernateConfiguration.class
sistema\tercerapp\dao\UsuariosDao.class
sistema\tercerapp\controller\AppController.class
sistema\tercerapp\configuration\AppConfig.class
sistema\tercerapp\service\GraficasServiceImpl.class
sistema\tercerapp\dao\FormulariomovilidadDaoImpl.class
sistema\tercerapp\model\Formulariomovilidad.class
sistema\tercerapp\dao\PacienteDao.class
sistema\tercerapp\service\FormulariossServiceImpl.class
