C:\Users\pambo\Downloads\TercerApp(modificacionUsuario)\TercerApp\src\main\java\sistema\tercerapp\model\Formulariomovilidad.java
C:\Users\pambo\Downloads\TercerApp(modificacionUsuario)\TercerApp\src\main\java\sistema\tercerapp\model\Formularionutricion.java
C:\Users\pambo\Downloads\TercerApp(modificacionUsuario)\TercerApp\src\main\java\sistema\tercerapp\dao\GraficasDaoImpl.java
C:\Users\pambo\Downloads\TercerApp(modificacionUsuario)\TercerApp\src\main\java\sistema\tercerapp\configuration\AppConfig.java
C:\Users\pambo\Downloads\TercerApp(modificacionUsuario)\TercerApp\src\main\java\sistema\tercerapp\service\FormulariomovilidadServiceImpl.java
C:\Users\pambo\Downloads\TercerApp(modificacionUsuario)\TercerApp\src\main\java\sistema\tercerapp\model\Usuarios.java
C:\Users\pambo\Downloads\TercerApp(modificacionUsuario)\TercerApp\src\main\java\sistema\tercerapp\dao\FormulariogeneralDaoImpl.java
C:\Users\pambo\Downloads\TercerApp(modificacionUsuario)\TercerApp\src\main\java\sistema\tercerapp\service\GraficasService.java
C:\Users\pambo\Downloads\TercerApp(modificacionUsuario)\TercerApp\src\main\java\sistema\tercerapp\service\GraficasServiceImpl.java
C:\Users\pambo\Downloads\TercerApp(modificacionUsuario)\TercerApp\src\main\java\sistema\tercerapp\dao\FormulariogeneralDao.java
C:\Users\pambo\Downloads\TercerApp(modificacionUsuario)\TercerApp\src\main\java\sistema\tercerapp\model\Formularioss.java
C:\Users\pambo\Downloads\TercerApp(modificacionUsuario)\TercerApp\src\main\java\sistema\tercerapp\service\FormulariogeneralServiceImpl.java
C:\Users\pambo\Downloads\TercerApp(modificacionUsuario)\TercerApp\src\main\java\sistema\tercerapp\dao\FormulariossDao.java
C:\Users\pambo\Downloads\TercerApp(modificacionUsuario)\TercerApp\src\main\java\sistema\tercerapp\service\FormularionutricionService.java
C:\Users\pambo\Downloads\TercerApp(modificacionUsuario)\TercerApp\src\main\java\sistema\tercerapp\model\Pacientes.java
C:\Users\pambo\Downloads\TercerApp(modificacionUsuario)\TercerApp\src\main\java\sistema\tercerapp\service\UsuariosService.java
C:\Users\pambo\Downloads\TercerApp(modificacionUsuario)\TercerApp\src\main\java\sistema\tercerapp\service\FormularionutricionServiceImpl.java
C:\Users\pambo\Downloads\TercerApp(modificacionUsuario)\TercerApp\src\main\java\sistema\tercerapp\dao\AbstractDao.java
C:\Users\pambo\Downloads\TercerApp(modificacionUsuario)\TercerApp\src\main\java\sistema\tercerapp\service\FormulariossService.java
C:\Users\pambo\Downloads\TercerApp(modificacionUsuario)\TercerApp\src\main\java\sistema\tercerapp\dao\FormulariossDaoImpl.java
C:\Users\pambo\Downloads\TercerApp(modificacionUsuario)\TercerApp\src\main\java\sistema\tercerapp\dao\FormularionutricionDaoImpl.java
C:\Users\pambo\Downloads\TercerApp(modificacionUsuario)\TercerApp\src\main\java\sistema\tercerapp\model\Graficas.java
C:\Users\pambo\Downloads\TercerApp(modificacionUsuario)\TercerApp\src\main\java\sistema\tercerapp\dao\GraficasDao.java
C:\Users\pambo\Downloads\TercerApp(modificacionUsuario)\TercerApp\src\main\java\sistema\tercerapp\dao\FormulariomovilidadDaoImpl.java
C:\Users\pambo\Downloads\TercerApp(modificacionUsuario)\TercerApp\src\main\java\sistema\tercerapp\service\PacientesServiceImpl.java
C:\Users\pambo\Downloads\TercerApp(modificacionUsuario)\TercerApp\src\main\java\sistema\tercerapp\service\FormulariossServiceImpl.java
C:\Users\pambo\Downloads\TercerApp(modificacionUsuario)\TercerApp\src\main\java\sistema\tercerapp\model\Formulariogeneral.java
C:\Users\pambo\Downloads\TercerApp(modificacionUsuario)\TercerApp\src\main\java\sistema\tercerapp\dao\FormulariomovilidadDao.java
C:\Users\pambo\Downloads\TercerApp(modificacionUsuario)\TercerApp\src\main\java\sistema\tercerapp\configuration\HibernateConfiguration.java
C:\Users\pambo\Downloads\TercerApp(modificacionUsuario)\TercerApp\src\main\java\sistema\tercerapp\dao\PacienteDao.java
C:\Users\pambo\Downloads\TercerApp(modificacionUsuario)\TercerApp\src\main\java\sistema\tercerapp\dao\PacienteDaoImpl.java
C:\Users\pambo\Downloads\TercerApp(modificacionUsuario)\TercerApp\src\main\java\sistema\tercerapp\dao\UsuariosDaoImpl.java
C:\Users\pambo\Downloads\TercerApp(modificacionUsuario)\TercerApp\src\main\java\sistema\tercerapp\controller\AppController.java
C:\Users\pambo\Downloads\TercerApp(modificacionUsuario)\TercerApp\src\main\java\sistema\tercerapp\service\PacientesService.java
C:\Users\pambo\Downloads\TercerApp(modificacionUsuario)\TercerApp\src\main\java\sistema\tercerapp\service\UsuariosServiceImpl.java
C:\Users\pambo\Downloads\TercerApp(modificacionUsuario)\TercerApp\src\main\java\sistema\tercerapp\service\FormulariomovilidadService.java
C:\Users\pambo\Downloads\TercerApp(modificacionUsuario)\TercerApp\src\main\java\sistema\tercerapp\service\FormulariogeneralService.java
C:\Users\pambo\Downloads\TercerApp(modificacionUsuario)\TercerApp\src\main\java\sistema\tercerapp\dao\UsuariosDao.java
C:\Users\pambo\Downloads\TercerApp(modificacionUsuario)\TercerApp\src\main\java\sistema\tercerapp\configuration\WebAppConfig.java
C:\Users\pambo\Downloads\TercerApp(modificacionUsuario)\TercerApp\src\main\java\sistema\tercerapp\dao\FormularionutricionDao.java
C:\Users\pambo\Downloads\TercerApp(modificacionUsuario)\TercerApp\src\main\java\sistema\tercerapp\configuration\AppInitializer.java
